---
source: crates/parser/src/lib.rs
expression: snapshot_parsing(contents)
---
[
    Return(
        ReturnStatement {
            token: (Token: Return, Location: 0..6) ,
            expr: Number(
                Number {
                    val: "5",
                },
            ),
        },
    ),
    Return(
        ReturnStatement {
            token: (Token: Return, Location: 10..16) ,
            expr: Number(
                Number {
                    val: "10",
                },
            ),
        },
    ),
    Return(
        ReturnStatement {
            token: (Token: Return, Location: 21..27) ,
            expr: Number(
                Number {
                    val: "993322",
                },
            ),
        },
    ),
]
