---
source: crates/parser/src/lib.rs
expression: snapshot_parsing(contents)
---
[
    Let(
        LetStatement {
            token: (Token: Let, Location: 0..3) ,
            name: "x",
            assign: (Token: Assign, Location: 6..7) ,
            expr: Number(
                Number {
                    val: "10",
                },
            ),
        },
    ),
    Let(
        LetStatement {
            token: (Token: Let, Location: 12..15) ,
            name: "y",
            assign: (Token: Assign, Location: 18..19) ,
            expr: Number(
                Number {
                    val: "15",
                },
            ),
        },
    ),
]
