---
source: crates/lexer/src/lib.rs
expression: test_lexing(contents)
---
 (Let,"let")
 (Identifier,"five")
 (Assign,"=")
 (Integer,"5")
 (Semicolon,";")
 (Let,"let")
 (Identifier,"ten")
 (Assign,"=")
 (Integer,"10")
 (Semicolon,";")
 (Let,"let")
 (Identifier,"add")
 (Assign,"=")
 (Function,"fn")
 (LeftParen,"(")
 (Identifier,"x")
 (Comma,",")
 (Identifier,"y")
 (RightParen,")")
 (LeftBrace,"{")
 (Identifier,"x")
 (Plus,"+")
 (Identifier,"y")
 (Semicolon,";")
 (RightBrace,"}")
 (Semicolon,";")
 (Let,"let")
 (Identifier,"result")
 (Assign,"=")
 (Identifier,"add")
 (LeftParen,"(")
 (Identifier,"five")
 (Comma,",")
 (Identifier,"ten")
 (RightParen,")")
 (Semicolon,";")

