---
source: crates/lexer/src/lib.rs
expression: test_lexing(contents)
---
 (Token: Let, Location: 0..3) 
 (Token: Identifier("five"), Location: 4..8) 
 (Token: Assign, Location: 9..10) 
 (Token: Integer("5"), Location: 11..12) 
 (Token: Semicolon, Location: 12..13) 
 (Token: Let, Location: 14..17) 
 (Token: Identifier("ten"), Location: 18..21) 
 (Token: Assign, Location: 22..23) 
 (Token: Integer("10"), Location: 24..26) 
 (Token: Semicolon, Location: 26..27) 
 (Token: Let, Location: 29..32) 
 (Token: Identifier("add"), Location: 33..36) 
 (Token: Assign, Location: 37..38) 
 (Token: Function, Location: 39..41) 
 (Token: LeftParen, Location: 41..42) 
 (Token: Identifier("x"), Location: 42..43) 
 (Token: Comma, Location: 43..44) 
 (Token: Identifier("y"), Location: 45..46) 
 (Token: RightParen, Location: 46..47) 
 (Token: LeftBrace, Location: 48..49) 
 (Token: Identifier("x"), Location: 54..55) 
 (Token: Plus, Location: 56..57) 
 (Token: Identifier("y"), Location: 58..59) 
 (Token: Semicolon, Location: 59..60) 
 (Token: RightBrace, Location: 61..62) 
 (Token: Semicolon, Location: 62..63) 
 (Token: Let, Location: 65..68) 
 (Token: Identifier("result"), Location: 69..75) 
 (Token: Assign, Location: 76..77) 
 (Token: Identifier("add"), Location: 78..81) 
 (Token: LeftParen, Location: 81..82) 
 (Token: Identifier("five"), Location: 82..86) 
 (Token: Comma, Location: 86..87) 
 (Token: Identifier("ten"), Location: 88..91) 
 (Token: RightParen, Location: 91..92) 
 (Token: Semicolon, Location: 92..93) 

